
          -------------------------------------------------------------------------
          >>> FRAMEwork <<< (Version 5.1 Mar 96)
          -------------------------------------------------------------------------
          Author : SCH                                        Job No.:         9000
          Job    : Sample: SAMPLE01.dat                      
          Load   : DL + WL1                                   PAGE   :            1
          -------------------------------------------------------------------------

          Applied Member Loads
          -------------------------------------------------------------------------
              Memb    Type  Action        Load       start       Cover
                 1       1       0      -0.511
                 2       1       0       1.829
                 3       1       0       1.316
                 4       1       0       1.191

          Joint displacements {.. Global Co-ords ..}
          -------------------------------------------------------------------------
              Node       X         Y        Rot 
                         [m]       [m]    [rads]
                 1    0.0000    0.0000   0.00000
                 2    0.0191    0.0003   0.00461
                 3    0.0086    0.0543  -0.00039
                 4   -0.0020    0.0002  -0.00615
                 5    0.0000    0.0000   0.00000

          Member Forces       {.. Local Co-ords ..} 
          -------------------------------------------------------------------------
              Memb    Node       Shear       Axial      Moment
                                  [kN]        [kN]       [kNm]
                 1       1      -7.608      10.299     -13.279
                         2      -5.392      10.299      14.905
                 2       2       9.042       7.307      14.905
                         3      -1.963       7.307      -6.390
                 3       3       0.998       7.500      -6.390
                         4      -6.920       7.500      11.424
                 4       4       5.998       8.256      11.424
                         5       0.833       8.256      -3.386
          -------------------------------------------------------------------------

          Support Reactions   {.. Global Co-ords ..}
          -------------------------------------------------------------------------
              Node         X           Y           M  
                          [kN]        [kN]       [kNm]
                 1      -7.608     -10.299      13.279
                 5       0.833      -8.256      -3.386
          -------------------------------------------------------------------------
               SUM      -6.775     -18.556    (All nodes)

          Member Maximum/Minimum End Forces
          -------------------------------------------------------------------------
                      Maximum End Forces            Minimum End Forces
                      Memb    Node       Force      Memb    Node       Force
             Axial       1       1      10.299       2         2       7.307
             Shear       2       2       9.042       1         1      -7.608
            Moment       1       2      14.905       1         1     -13.279
          -------------------------------------------------------------------------


          -------------------------------------------------------------------------
          >>> FRAMEwork <<< (Version 5.1 Mar 96)
          -------------------------------------------------------------------------
          Author : SCH                                        Job No.:         9000
          Job    : Sample: SAMPLE01.dat                      
          Load   : DL + WL1                                   PAGE   :            2
          -------------------------------------------------------------------------

          Span Moments
          -------------------------------------------------------------------------
            Member   segment   station    Moment
                                   [m]     [kNm]
                 1
                           0    0.0000     13.28
                           1    0.6194      8.66
                           2    1.2389      4.25
                           3    1.8583      0.02
                           4    2.4777     -4.00
                           5    3.0971     -7.83
                           6    3.7166    -11.47
                           7    4.3360    -14.90
                 2
                           0    0.0000    -14.90
                           1    0.8595     -7.81
                           2    1.7191     -2.06
                           3    2.5786      2.33
                           4    3.4382      5.37
                           5    4.2977      7.06
                           6    5.1573      7.40
                           7    6.0168      6.39
                 3
                           0    0.0000      6.39
                           1    0.8595      6.76
                           2    1.7191      6.16
                           3    2.5786      4.59
                           4    3.4382      2.04
                           5    4.2977     -1.47
                           6    5.1573     -5.96
                           7    6.0168    -11.42
                 4
                           0    0.0000    -11.42
                           1    0.6194     -7.94
                           2    1.2389     -4.91
                           3    1.8583     -2.33
                           4    2.4777     -0.22
                           5    3.0971      1.44
                           6    3.7166      2.64
                           7    4.3360      3.39
          -------------------------------------------------------------------------
